// Jest Snapshot v1, https://goo.gl/fbAQLP

exports[`ClientText component tests ClientText snapshot 1`] = `
<Text
  ellipsizeMode="tail"
  selectable={true}
  style={
    Array [
      null,
      Object {
        "fontFamily": "DejaVuSans",
      },
    ]
  }
/>
`;
