// Jest Snapshot v1, https://goo.gl/fbAQLP

exports[`Dialog tests Dialog snapshot 1`] = `null`;
