// Jest Snapshot v1, https://goo.gl/fbAQLP

exports[`Header tests Header snapshot 1`] = `
<View
  style={
    Object {
      "alignItems": "center",
      "backgroundColor": "#003466",
      "flexDirection": "row",
      "paddingBottom": 30,
      "paddingTop": 40,
    }
  }
>
  <RNGestureHandlerButton
    collapsable={false}
    onGestureEvent={[Function]}
    onGestureHandlerEvent={[Function]}
    onGestureHandlerStateChange={[Function]}
    onHandlerStateChange={[Function]}
    rippleColor={0}
    style={
      Array [
        Object {
          "overflow": "hidden",
        },
        undefined,
      ]
    }
  >
    <View
      accessible={true}
      style={
        Object {
          "marginLeft": 30,
          "marginTop": 8,
          "opacity": 1,
        }
      }
    >
      <Text
        allowFontScaling={false}
        style={
          Array [
            Object {
              "color": "white",
              "fontSize": 38,
            },
            undefined,
            Object {
              "fontFamily": "Ionicons",
              "fontStyle": "normal",
              "fontWeight": "normal",
            },
            Object {},
          ]
        }
      >
        
      </Text>
    </View>
  </RNGestureHandlerButton>
  <View
    style={
      Object {
        "alignItems": "center",
        "marginLeft": 118,
      }
    }
  >
    <Image
      resizeMode="contain"
      source={1}
      style={
        Object {
          "height": 50,
          "width": 50,
        }
      }
    />
  </View>
</View>
`;
