// Jest Snapshot v1, https://goo.gl/fbAQLP

exports[` 1`] = `
<Text
  style={
    Array [
      undefined,
      undefined,
    ]
  }
/>
`;
