// Jest Snapshot v1, https://goo.gl/fbAQLP

exports[`NavMenu tests NavMenu snapshot 1`] = `
<View
  style={
    Object {
      "alignItems": "center",
      "alignSelf": "center",
      "backgroundColor": "#003466",
      "borderRadius": 30,
      "bottom": 40,
      "flexDirection": "row",
      "justifyContent": "space-between",
      "marginLeft": 10,
      "marginRight": 10,
      "paddingLeft": 5,
      "paddingRight": 5,
      "position": "absolute",
      "shadowColor": "rgba(0,0,0,0.4)",
      "shadowOffset": Object {
        "height": 20,
        "width": 3,
      },
      "shadowOpacity": 0.8,
      "shadowRadius": 10,
      "zIndex": 100,
    }
  }
>
  <View
    style={
      Array [
        Object {
          "alignItems": "center",
          "flexDirection": "column",
        },
        Object {
          "marginTop": 20,
        },
      ]
    }
  >
    <RNGestureHandlerButton
      collapsable={false}
      onGestureEvent={[Function]}
      onGestureHandlerEvent={[Function]}
      onGestureHandlerStateChange={[Function]}
      onHandlerStateChange={[Function]}
      rippleColor={0}
      style={
        Array [
          Object {
            "overflow": "hidden",
          },
          undefined,
        ]
      }
    >
      <View
        accessible={true}
        style={
          Object {
            "opacity": 1,
          }
        }
      >
        <Text
          allowFontScaling={false}
          style={
            Array [
              Object {
                "color": "#E30043",
                "fontSize": 30,
              },
              Object {
                "paddingLeft": 30,
                "paddingRight": 30,
              },
              Object {
                "fontFamily": "Feather",
                "fontStyle": "normal",
                "fontWeight": "normal",
              },
              Object {},
            ]
          }
        >
          
        </Text>
      </View>
    </RNGestureHandlerButton>
    <Text
      allowFontScaling={false}
      style={
        Array [
          Object {
            "color": "#E30043",
            "fontSize": 20,
          },
          undefined,
          Object {
            "fontFamily": "Entypo",
            "fontStyle": "normal",
            "fontWeight": "normal",
          },
          Object {},
        ]
      }
    >
      
    </Text>
  </View>
  <View
    style={
      Array [
        Object {
          "alignItems": "center",
          "flexDirection": "column",
        },
        null,
      ]
    }
  >
    <RNGestureHandlerButton
      collapsable={false}
      onGestureEvent={[Function]}
      onGestureHandlerEvent={[Function]}
      onGestureHandlerStateChange={[Function]}
      onHandlerStateChange={[Function]}
      rippleColor={0}
      style={
        Array [
          Object {
            "overflow": "hidden",
          },
          undefined,
        ]
      }
    >
      <View
        accessible={true}
        style={
          Object {
            "opacity": 1,
          }
        }
      >
        <Text
          allowFontScaling={false}
          style={
            Array [
              Object {
                "color": "white",
                "fontSize": 30,
              },
              Object {
                "paddingLeft": 30,
                "paddingRight": 30,
              },
              Object {
                "fontFamily": "Feather",
                "fontStyle": "normal",
                "fontWeight": "normal",
              },
              Object {},
            ]
          }
        >
          
        </Text>
      </View>
    </RNGestureHandlerButton>
  </View>
  <View
    style={
      Array [
        Object {
          "alignItems": "center",
          "flexDirection": "column",
        },
        null,
      ]
    }
  >
    <RNGestureHandlerButton
      collapsable={false}
      onGestureEvent={[Function]}
      onGestureHandlerEvent={[Function]}
      onGestureHandlerStateChange={[Function]}
      onHandlerStateChange={[Function]}
      rippleColor={0}
      style={
        Array [
          Object {
            "overflow": "hidden",
          },
          undefined,
        ]
      }
    >
      <View
        accessible={true}
        style={
          Object {
            "opacity": 1,
          }
        }
      >
        <Text
          allowFontScaling={false}
          style={
            Array [
              Object {
                "color": "white",
                "fontSize": 30,
              },
              Object {
                "paddingLeft": 30,
                "paddingRight": 30,
              },
              Object {
                "fontFamily": "Feather",
                "fontStyle": "normal",
                "fontWeight": "normal",
              },
              Object {},
            ]
          }
        >
          
        </Text>
      </View>
    </RNGestureHandlerButton>
  </View>
</View>
`;
