// Jest Snapshot v1, https://goo.gl/fbAQLP

exports[`SharedList component tests SharedList snapshot 1`] = `null`;
