// Jest Snapshot v1, https://goo.gl/fbAQLP

exports[`InvitedList component tests InvitedList snapshot 1`] = `null`;
