// Jest Snapshot v1, https://goo.gl/fbAQLP

exports[`BackFolder component tests BackFolder snapshot 1`] = `
<View
  accessible={true}
  focusable={true}
  onClick={[Function]}
  onResponderGrant={[Function]}
  onResponderMove={[Function]}
  onResponderRelease={[Function]}
  onResponderTerminate={[Function]}
  onResponderTerminationRequest={[Function]}
  onStartShouldSetResponder={[Function]}
  style={
    Object {
      "alignItems": "center",
      "flexDirection": "row",
      "margin": 15,
    }
  }
>
  <Text
    allowFontScaling={false}
    style={
      Array [
        Object {
          "color": "#003466",
          "fontSize": 18,
        },
        undefined,
        Object {
          "fontFamily": "Feather",
          "fontStyle": "normal",
          "fontWeight": "normal",
        },
        Object {},
      ]
    }
  >
    ÔÑê
  </Text>
  <View
    style={
      Object {
        "marginLeft": 7,
      }
    }
  >
    <Text
      ellipsizeMode="tail"
      selectable={true}
      style={
        Array [
          Object {
            "color": "#A3A5A9",
            "fontSize": 16,
            "fontWeight": "900",
          },
          Object {
            "fontFamily": "DejaVuSans",
          },
        ]
      }
    >
      
    </Text>
  </View>
</View>
`;
